[debug] [2026-07-13T09:04:12.454Z] ----------------------------------------------------------------------
[debug] [2026-07-13T09:04:12.456Z] Command:       /opt/homebrew/Cellar/node/24.10.0/bin/node /opt/homebrew/bin/firebase deploy --only firestore:rules --project onevita-e2e52
[debug] [2026-07-13T09:04:12.456Z] CLI Version:   15.23.0
[debug] [2026-07-13T09:04:12.456Z] Platform:      darwin
[debug] [2026-07-13T09:04:12.456Z] Node Version:  v24.10.0
[debug] [2026-07-13T09:04:12.457Z] Detected Agent: codex_cli
[debug] [2026-07-13T09:04:12.457Z] Time:          Mon Jul 13 2026 10:04:12 GMT+0100 (Central European Standard Time)
[debug] [2026-07-13T09:04:12.457Z] ----------------------------------------------------------------------
[debug] 
[debug] [2026-07-13T09:04:13.256Z] > command requires scopes: ["email","openid","https://www.googleapis.com/auth/cloudplatformprojects.readonly","https://www.googleapis.com/auth/firebase","https://www.googleapis.com/auth/cloud-platform"]
[debug] [2026-07-13T09:04:13.257Z] > authorizing via signed-in user (roua.hadjameur@esprit.tn)
[debug] [2026-07-13T09:04:13.257Z] [iam] checking project onevita-e2e52 for permissions ["datastore.indexes.create","datastore.indexes.delete","datastore.indexes.list","datastore.indexes.update","firebase.projects.get"]
[debug] [2026-07-13T09:04:13.263Z] Checked if tokens are valid: true, expires at: 1783936549869
[debug] [2026-07-13T09:04:13.263Z] Checked if tokens are valid: true, expires at: 1783936549869
[debug] [2026-07-13T09:04:13.264Z] >>> [apiv2][query] POST https://cloudresourcemanager.googleapis.com/v1/projects/onevita-e2e52:testIamPermissions [none]
[debug] [2026-07-13T09:04:13.264Z] >>> [apiv2][(partial)header] POST https://cloudresourcemanager.googleapis.com/v1/projects/onevita-e2e52:testIamPermissions  x-goog-user-project=onevita-e2e52
[debug] [2026-07-13T09:04:13.264Z] >>> [apiv2][body] POST https://cloudresourcemanager.googleapis.com/v1/projects/onevita-e2e52:testIamPermissions {"permissions":["datastore.indexes.create","datastore.indexes.delete","datastore.indexes.list","datastore.indexes.update","firebase.projects.get"]}
[debug] [2026-07-13T09:04:14.197Z] <<< [apiv2][status] POST https://cloudresourcemanager.googleapis.com/v1/projects/onevita-e2e52:testIamPermissions 200
[debug] [2026-07-13T09:04:14.198Z] <<< [apiv2][body] POST https://cloudresourcemanager.googleapis.com/v1/projects/onevita-e2e52:testIamPermissions {"permissions":["datastore.indexes.create","datastore.indexes.delete","datastore.indexes.list","datastore.indexes.update","firebase.projects.get"]}
[info] 
[info] === Deploying to 'onevita-e2e52'...
[info] 
[info] i  deploying firestore 
[info] i  firestore: ensuring required API firestore.googleapis.com is enabled... 
[info] i  firestore: ensuring required API firestore.googleapis.com is enabled... 
[debug] [2026-07-13T09:04:14.202Z] Checked if tokens are valid: true, expires at: 1783936549869
[debug] [2026-07-13T09:04:14.202Z] Checked if tokens are valid: true, expires at: 1783936549869
[debug] [2026-07-13T09:04:14.202Z] >>> [apiv2][query] GET https://firestore.googleapis.com/v1/projects/onevita-e2e52/databases/(default) [none]
[debug] [2026-07-13T09:04:14.494Z] <<< [apiv2][status] GET https://firestore.googleapis.com/v1/projects/onevita-e2e52/databases/(default) 200
[debug] [2026-07-13T09:04:14.494Z] <<< [apiv2][body] GET https://firestore.googleapis.com/v1/projects/onevita-e2e52/databases/(default) {"name":"projects/onevita-e2e52/databases/(default)","uid":"c022b0e1-fe0e-4788-b6df-94e97261961a","createTime":"2026-07-13T08:13:43.456949Z","updateTime":"2026-07-13T08:13:43.456949Z","locationId":"eur3","type":"FIRESTORE_NATIVE","concurrencyMode":"PESSIMISTIC","versionRetentionPeriod":"3600s","earliestVersionTime":"2026-07-13T08:13:43.456949Z","appEngineIntegrationMode":"DISABLED","keyPrefix":"e","pointInTimeRecoveryEnablement":"POINT_IN_TIME_RECOVERY_DISABLED","deleteProtectionState":"DELETE_PROTECTION_DISABLED","databaseEdition":"STANDARD","freeTier":true,"realtimeUpdatesMode":"REALTIME_UPDATES_MODE_ENABLED","etag":"IOPc8v6lz5UDMJPntqKbz5UD"}
[info] i  firestore: reading indexes from firestore.indexes.json... 
[info] i  cloud.firestore: checking firestore.rules for compilation errors... 
[debug] [2026-07-13T09:04:14.496Z] Checked if tokens are valid: true, expires at: 1783936549869
[debug] [2026-07-13T09:04:14.496Z] Checked if tokens are valid: true, expires at: 1783936549869
[debug] [2026-07-13T09:04:14.496Z] >>> [apiv2][query] POST https://firebaserules.googleapis.com/v1/projects/onevita-e2e52:test [none]
[debug] [2026-07-13T09:04:14.497Z] >>> [apiv2][body] POST https://firebaserules.googleapis.com/v1/projects/onevita-e2e52:test [omitted]
[debug] [2026-07-13T09:04:15.000Z] <<< [apiv2][status] POST https://firebaserules.googleapis.com/v1/projects/onevita-e2e52:test 200
[debug] [2026-07-13T09:04:15.000Z] <<< [apiv2][body] POST https://firebaserules.googleapis.com/v1/projects/onevita-e2e52:test {}
[info] ✔  cloud.firestore: rules file firestore.rules compiled successfully 
[debug] [2026-07-13T09:04:15.003Z] Checked if tokens are valid: true, expires at: 1783936549869
[debug] [2026-07-13T09:04:15.003Z] Checked if tokens are valid: true, expires at: 1783936549869
[debug] [2026-07-13T09:04:15.003Z] >>> [apiv2][query] GET https://firebaserules.googleapis.com/v1/projects/onevita-e2e52/releases pageSize=10&pageToken=
[debug] [2026-07-13T09:04:15.819Z] <<< [apiv2][status] GET https://firebaserules.googleapis.com/v1/projects/onevita-e2e52/releases 200
[debug] [2026-07-13T09:04:15.820Z] <<< [apiv2][body] GET https://firebaserules.googleapis.com/v1/projects/onevita-e2e52/releases {"releases":[{"name":"projects/onevita-e2e52/releases/cloud.firestore","rulesetName":"projects/onevita-e2e52/rulesets/dbb11244-c68f-42f5-9dbe-36f8666d5198","createTime":"2026-07-13T08:13:46.236339Z","updateTime":"2026-07-13T08:56:24.420676Z"}]}
[debug] [2026-07-13T09:04:15.820Z] Checked if tokens are valid: true, expires at: 1783936549869
[debug] [2026-07-13T09:04:15.821Z] Checked if tokens are valid: true, expires at: 1783936549869
[debug] [2026-07-13T09:04:15.821Z] >>> [apiv2][query] GET https://firebaserules.googleapis.com/v1/projects/onevita-e2e52/rulesets/dbb11244-c68f-42f5-9dbe-36f8666d5198 [none]
[debug] [2026-07-13T09:04:16.559Z] <<< [apiv2][status] GET https://firebaserules.googleapis.com/v1/projects/onevita-e2e52/rulesets/dbb11244-c68f-42f5-9dbe-36f8666d5198 200
[debug] [2026-07-13T09:04:16.560Z] <<< [apiv2][body] GET https://firebaserules.googleapis.com/v1/projects/onevita-e2e52/rulesets/dbb11244-c68f-42f5-9dbe-36f8666d5198 [omitted]
[info] i  firestore: uploading rules firestore.rules... 
[debug] [2026-07-13T09:04:16.562Z] Checked if tokens are valid: true, expires at: 1783936549869
[debug] [2026-07-13T09:04:16.563Z] Checked if tokens are valid: true, expires at: 1783936549869
[debug] [2026-07-13T09:04:16.563Z] >>> [apiv2][query] POST https://firebaserules.googleapis.com/v1/projects/onevita-e2e52/rulesets [none]
[debug] [2026-07-13T09:04:16.563Z] >>> [apiv2][body] POST https://firebaserules.googleapis.com/v1/projects/onevita-e2e52/rulesets [omitted]
[debug] [2026-07-13T09:04:25.092Z] <<< [apiv2][status] POST https://firebaserules.googleapis.com/v1/projects/onevita-e2e52/rulesets 200
[debug] [2026-07-13T09:04:25.092Z] <<< [apiv2][body] POST https://firebaserules.googleapis.com/v1/projects/onevita-e2e52/rulesets {"name":"projects/onevita-e2e52/rulesets/2cc9ba90-6c2b-4310-81c6-d82354a06653","source":{"files":[{"content":"rules_version = '2';\n\n// Chat data model:\n//   conversations/{conversationId}\n//     participants: [uid1, uid2]\n//     unreadCounts: { [uid]: number }\n//     lastMessage: { content, senderId, createdAt }\n//   conversations/{conversationId}/messages/{messageId}\n//     senderId, recipientId, content, createdAt, readAt, isDeleted, editedAt\n//\n// auth.uid here is the Firebase custom-token uid minted by the backend from\n// the user's own Mongo _id (see AuthController.getFirebaseToken), so it's\n// directly comparable to the senderId/recipientId/participants values the\n// app writes.\nservice cloud.firestore {\n  match /databases/{database}/documents {\n    match /conversations/{conversationId} {\n      allow read, update: if request.auth != null\n        && request.auth.uid in resource.data.participants;\n\n      allow create: if request.auth != null\n        && request.auth.uid in request.resource.data.participants\n        && request.resource.data.participants.size() == 2;\n\n      allow delete: if false;\n\n      match /messages/{messageId} {\n        allow read: if request.auth != null\n          && request.auth.uid in get(/databases/$(database)/documents/conversations/$(conversationId)).data.participants;\n\n        allow create: if request.auth != null\n          && request.auth.uid == request.resource.data.senderId\n          && request.auth.uid in get(/databases/$(database)/documents/conversations/$(conversationId)).data.participants;\n\n        // Only the original sender may edit or soft-delete a message. Identity,\n        // routing and creation time are immutable.\n        allow update: if request.auth != null\n          && request.auth.uid == resource.data.senderId\n          && request.resource.data.senderId == resource.data.senderId\n          && request.resource.data.recipientId == resource.data.recipientId\n          && request.resource.data.createdAt == resource.data.createdAt\n          && request.resource.data.diff(resource.data).affectedKeys().hasOnly([\n            'content',\n            'editedAt',\n            'isDeleted',\n            'deletedAt',\n            'imageData',\n            'imageMimeType'\n          ]);\n\n        allow delete: if false;\n      }\n    }\n  }\n}\n","name":"firestore.rules"}]},"createTime":"2026-07-13T09:04:25.048623Z","metadata":{"services":["cloud.firestore"]}}
[debug] [2026-07-13T09:04:25.092Z] [rules] created ruleset projects/onevita-e2e52/rulesets/2cc9ba90-6c2b-4310-81c6-d82354a06653
[debug] [2026-07-13T09:04:25.093Z] [rules] releasing cloud.firestore with ruleset projects/onevita-e2e52/rulesets/2cc9ba90-6c2b-4310-81c6-d82354a06653
[debug] [2026-07-13T09:04:25.095Z] Checked if tokens are valid: true, expires at: 1783936549869
[debug] [2026-07-13T09:04:25.095Z] Checked if tokens are valid: true, expires at: 1783936549869
[debug] [2026-07-13T09:04:25.096Z] >>> [apiv2][query] PATCH https://firebaserules.googleapis.com/v1/projects/onevita-e2e52/releases/cloud.firestore [none]
[debug] [2026-07-13T09:04:25.096Z] >>> [apiv2][body] PATCH https://firebaserules.googleapis.com/v1/projects/onevita-e2e52/releases/cloud.firestore {"release":{"name":"projects/onevita-e2e52/releases/cloud.firestore","rulesetName":"projects/onevita-e2e52/rulesets/2cc9ba90-6c2b-4310-81c6-d82354a06653"}}
[debug] [2026-07-13T09:04:25.954Z] <<< [apiv2][status] PATCH https://firebaserules.googleapis.com/v1/projects/onevita-e2e52/releases/cloud.firestore 200
[debug] [2026-07-13T09:04:25.955Z] <<< [apiv2][body] PATCH https://firebaserules.googleapis.com/v1/projects/onevita-e2e52/releases/cloud.firestore {"name":"projects/onevita-e2e52/releases/cloud.firestore","rulesetName":"projects/onevita-e2e52/rulesets/2cc9ba90-6c2b-4310-81c6-d82354a06653","createTime":"2026-07-13T08:13:46.236339Z","updateTime":"2026-07-13T09:04:25.962118Z"}
[debug] [2026-07-13T09:04:25.955Z] [rules] updated release projects/onevita-e2e52/releases/cloud.firestore
[info] ✔  firestore: released rules firestore.rules to cloud.firestore 
[info] 
[info] ✔  Deploy complete! 
[info] 
[info] Project Console: https://console.firebase.google.com/project/onevita-e2e52/overview
